Microchip MPLAB XC8 Compiler V3.10

Linker command line:

-W-3 \
  --edf=C:/Users/t00904/.mchp_packs/Microchip/PIC12-16F1xxx_DFP/1.9.258/xc8\pic\dat\20260422061108_en.msgs \
  -cn -h+D:\yiming\00work\FR685_V05.X\out\F150_RX_V01\default.sym \
  --cmf=D:\yiming\00work\FR685_V05.X\out\F150_RX_V01\default.cmf -z \
  -Q16F1936 -oC:\Users\t00904\AppData\Local\Temp\xcAsem8.0\driver_tmp_3.o \
  --defsym=__MPLAB_BUILD=1 --fixupoverflow=error -Mmem.map \
  --md=C:\Users\t00904\AppData\Local\Temp\xcAsem8.0\driver_tmp_0.dat -E1 \
  -ver=XC8 Compiler -ACODE=00h-07FFhx4 -ASTRCODE=00h-01FFFh \
  -ASTRING=00h-0FFhx32 -ACONST=00h-0FFhx32 -AENTRY=00h-0FFhx32 \
  -ACOMMON=070h-07Fh -ABANK0=020h-06Fh -ABANK1=0A0h-0EFh \
  -ABANK2=0120h-016Fh -ABANK3=01A0h-01EFh -ABANK4=0220h-026Fh \
  -ABANK5=02A0h-02EFh -ABANK6=0320h-032Fh -ABIGRAM=02000h-021EFh \
  -ARAM=020h-06Fh,0A0h-0EFh,0120h-016Fh,01A0h-01EFh,0220h-026Fh,02A0h-02EFh,0320h-032Fh \
  -AABS1=020h-07Fh,0A0h-0EFh,0120h-016Fh,01A0h-01EFh,0220h-026Fh,02A0h-02EFh,0320h-032Fh \
  -ASFR0=00h-01Fh -ASFR1=080h-09Fh -ASFR2=0100h-011Fh -ASFR3=0180h-019Fh \
  -ASFR4=0200h-021Fh -ASFR5=0280h-029Fh -ASFR6=0300h-031Fh \
  -ASFR7=0380h-03EFh -ASFR8=0400h-046Fh -ASFR9=0480h-04EFh \
  -ASFR10=0500h-056Fh -ASFR11=0580h-05EFh -ASFR12=0600h-066Fh \
  -ASFR13=0680h-06EFh -ASFR14=0700h-076Fh -ASFR15=0780h-07EFh \
  -ASFR16=0800h-086Fh -ASFR17=0880h-08EFh -ASFR18=0900h-096Fh \
  -ASFR19=0980h-09EFh -ASFR20=0A00h-0A6Fh -ASFR21=0A80h-0AEFh \
  -ASFR22=0B00h-0B6Fh -ASFR23=0B80h-0BEFh -ASFR24=0C00h-0C6Fh \
  -ASFR25=0C80h-0CEFh -ASFR26=0D00h-0D6Fh -ASFR27=0D80h-0DEFh \
  -ASFR28=0E00h-0E6Fh -ASFR29=0E80h-0EEFh -ASFR30=0F00h-0F6Fh \
  -ASFR31=0F80h-0FEFh -ACONFIG=08007h-08008h -DCONFIG=2 \
  -AIDLOC=08000h-08003h -DIDLOC=2 -AEEDATA=00h-0FFh/0F000h \
  -peeprom_data=EEDATA -DEEDATA=2 -DCODE=2 -DSTRCODE=2 -DSTRING=2 -DCONST=2 \
  -DENTRY=2 -preset_vec=00h,intentry=04h,sivt,init,end_init -ppowerup=CODE \
  -pcinit=CODE -pfunctab=ENTRY -k \
  C:\Users\t00904\AppData\Local\Temp\xcAsem8.0\driver_tmp_15.o \
  D:\yiming\00work\FR685_V05.X\out\F150_RX_V01\default.o 

Object code version is 3.11

Machine type is 16F1936



                Name                               Link     Load   Length Selector   Space Scale
C:\Users\t00904\AppData\Local\Temp\xcAsem8.0\driver_tmp_15.o
                end_init                             3B       3B        2        8       0
                reset_vec                             0        0        2        0       0
                config                             8007     8007        2        0       4
                idloc                              8000     8000        4        0       5
D:\yiming\00work\FR685_V05.X\out\F150_RX_V01\default.o
                cinit                                3D       3D       19        8       0
                intentry                              4        4       37        8       0
                config                             8007     8007        2        0       4
                idloc                              8000     8000        4        0       5
                text47                              56F      56F       14        8       0
                text46                              65A      65A        4      C72       0
                text45                              663      663        1      C72       0
                text44                              656      656        4      C72       0
                text43                              3C0      3C0       39        8       0
                text42                              4DC      4DC       1E        8       0
                text41                              64D      64D        5      C72       0
                text40                              662      662        1      C72       0
                text39                              5D5      5D5        D        8       0
                text38                              5A9      5A9       10        8       0
                text36                              5F9      5F9        9        8       0
                text35                              476      476       24        8       0
                text34                              65E      65E        3      C72       0
                text33                              596      596       13        8       0
                text32                              23C      23C       86        8       0
                text31                              324      324       5E        8       0
                text30                              514      514       1A        8       0
                text29                              648      648        5      C72       0
                text28                              643      643        5      C72       0
                text27                              42B      42B       26        8       0
                text26                              3F9      3F9       32        8       0
                text25                              451      451       25        8       0
                text24                              4BC      4BC       20        8       0
                text23                              2C2      2C2       62        8       0
                text22                              63E      63E        5      C72       0
                text21                              5B9      5B9        F        8       0
                text20                              639      639        5      C72       0
                text19                              52E      52E       17        8       0
                text18                              49A      49A       22        8       0
                text17                              186      186       B6        8       0
                text16                               56       56      130        8       0
                text15                              62E      62E        6        8       0
                text14                              628      628        6        8       0
                text13                              622      622        6        8       0
                text12                              61C      61C        6        8       0
                text11                              616      616        6        8       0
                text10                              382      382       3E        8       0
                text9                               610      610        6        8       0
                text8                               602      602        8        8       0
                text7                               545      545       16        8       0
                text6                               5C8      5C8        D        8       0
                text5                               5E2      5E2        C        8       0
                text4                               4FA      4FA       1A        8       0
                text3                               55B      55B       14        8       0
                text2                               652      652        4      C72       0
                text1                               583      583       13        8       0
                maintext                            5EE      5EE        B        8       0
                cstackBANK0                          5C       5C        F       20       1
                cstackCOMMON                         70       70        D       70       1
                clrtext                             60A      60A        6        8       0
                bssBANK1                             A0       A0       10       A0       1
                dataBANK0                            6B       6B        1       20       1
                bssBANK0                             20       20       3C       20       1
                bssCOMMON                            7D       7D        1       70       1
                stringtext1                         634      634        5      C68       0
                idataBANK0                          661      661        1      C72       0

TOTAL           Name                               Link     Load   Length     Space
        CLASS   CODE           
                end_init                             3B       3B        2         0
                cinit                                3D       3D       19         0
                intentry                              4        4       37         0
                reset_vec                             0        0        2         0
                text47                              56F      56F       14         0
                text46                              65A      65A        4         0
                text45                              663      663        1         0
                text44                              656      656        4         0
                text43                              3C0      3C0       39         0
                text42                              4DC      4DC       1E         0
                text41                              64D      64D        5         0
                text40                              662      662        1         0
                text39                              5D5      5D5        D         0
                text38                              5A9      5A9       10         0
                text36                              5F9      5F9        9         0
                text35                              476      476       24         0
                text34                              65E      65E        3         0
                text33                              596      596       13         0
                text32                              23C      23C       86         0
                text31                              324      324       5E         0
                text30                              514      514       1A         0
                text29                              648      648        5         0
                text28                              643      643        5         0
                text27                              42B      42B       26         0
                text26                              3F9      3F9       32         0
                text25                              451      451       25         0
                text24                              4BC      4BC       20         0
                text23                              2C2      2C2       62         0
                text22                              63E      63E        5         0
                text21                              5B9      5B9        F         0
                text20                              639      639        5         0
                text19                              52E      52E       17         0
                text18                              49A      49A       22         0
                text17                              186      186       B6         0
                text16                               56       56      130         0
                text15                              62E      62E        6         0
                text14                              628      628        6         0
                text13                              622      622        6         0
                text12                              61C      61C        6         0
                text11                              616      616        6         0
                text10                              382      382       3E         0
                text9                               610      610        6         0
                text8                               602      602        8         0
                text7                               545      545       16         0
                text6                               5C8      5C8        D         0
                text5                               5E2      5E2        C         0
                text4                               4FA      4FA       1A         0
                text3                               55B      55B       14         0
                text2                               652      652        4         0
                text1                               583      583       13         0
                maintext                            5EE      5EE        B         0
                clrtext                             60A      60A        6         0
                idataBANK0                          661      661        1         0

        CLASS   STRCODE        
                stringtext1                         634      634        5         0

        CLASS   STRING         

        CLASS   CONST          

        CLASS   ENTRY          

        CLASS   COMMON         
                cstackCOMMON                         70       70        D         1
                bssCOMMON                            7D       7D        1         1

        CLASS   BANK0          
                cstackBANK0                          5C       5C        F         1
                dataBANK0                            6B       6B        1         1
                bssBANK0                             20       20       3C         1

        CLASS   BANK1          
                bssBANK1                             A0       A0       10         1

        CLASS   BANK2          

        CLASS   BANK3          

        CLASS   BANK4          

        CLASS   BANK5          

        CLASS   BANK6          

        CLASS   BIGRAM         

        CLASS   RAM            

        CLASS   ABS1           
                abs_s1                               7E       7E        2         1

        CLASS   SFR0           

        CLASS   SFR1           

        CLASS   SFR2           

        CLASS   SFR3           

        CLASS   SFR4           

        CLASS   SFR5           

        CLASS   SFR6           

        CLASS   SFR7           

        CLASS   SFR8           

        CLASS   SFR9           

        CLASS   SFR10          

        CLASS   SFR11          

        CLASS   SFR12          

        CLASS   SFR13          

        CLASS   SFR14          

        CLASS   SFR15          

        CLASS   SFR16          

        CLASS   SFR17          

        CLASS   SFR18          

        CLASS   SFR19          

        CLASS   SFR20          

        CLASS   SFR21          

        CLASS   SFR22          

        CLASS   SFR23          

        CLASS   SFR24          

        CLASS   SFR25          

        CLASS   SFR26          

        CLASS   SFR27          

        CLASS   SFR28          

        CLASS   SFR29          

        CLASS   SFR30          

        CLASS   SFR31          

        CLASS   CONFIG         
                config                             8007     8007        2         4

        CLASS   IDLOC          
                idloc                              8000     8000        4         5

        CLASS   EEDATA         

        CLASS   BANK31         

        CLASS   BANK30         

        CLASS   BANK29         

        CLASS   BANK28         

        CLASS   BANK27         

        CLASS   BANK26         

        CLASS   BANK25         

        CLASS   BANK24         

        CLASS   BANK23         

        CLASS   BANK22         

        CLASS   BANK21         

        CLASS   BANK20         

        CLASS   BANK19         

        CLASS   BANK18         

        CLASS   BANK17         

        CLASS   BANK16         

        CLASS   BANK15         

        CLASS   BANK14         

        CLASS   BANK13         

        CLASS   BANK12         

        CLASS   BANK11         

        CLASS   BANK10         

        CLASS   BANK9          

        CLASS   BANK8          

        CLASS   BANK7          

        CLASS   HEAP           

        CLASS   STACK          



SEGMENTS        Name                           Load    Length   Top    Selector   Space  Class     Delta

                reset_vec                      000000  000002  000002         0       0  CODE        2
                intentry                       000004  000630  000634         8       0  CODE        2
                bssBANK0                       000020  00004C  00006C        20       1  BANK0       1
                cstackCOMMON                   000070  00000E  00007E        70       1  COMMON      1
                bssBANK1                       0000A0  000010  0000B0        A0       1  BANK1       1
                stringtext1                    000634  000005  000639       C68       0  STRCODE     2
                text20                         000639  00002B  000664       C72       0  CODE        2


UNUSED ADDRESS RANGES

        Name                Unused          Largest block    Delta
        BANK0            0006C-0006F               4           1
        BANK1            000B0-000EF              40           1
        BANK2            00120-0016F              50           1
        BANK3            001A0-001EF              50           1
        BANK4            00220-0026F              50           1
        BANK5            002A0-002EF              50           1
        BANK6            00320-0032F              10           1
        BIGRAM           02000-021EF             1F0           1
        CODE             00002-00003               2           2
                         00664-01FFF             800
        CONST            00002-00003               2           2
                         00664-01FFF             100
        EEDATA           0F000-0F0FF             100           2
        ENTRY            00002-00003               2           2
                         00664-01FFF             100
        RAM              0006C-0006F               4           1
                         000B0-000EF              40
                         00120-0016F              50
                         001A0-001EF              50
                         00220-0026F              50
                         002A0-002EF              50
                         00320-0032F              10
        SFR0             00000-0001F              20           1
        SFR1             00080-0009F              20           1
        SFR10            00500-0056F              70           1
        SFR11            00580-005EF              70           1
        SFR12            00600-0066F              70           1
        SFR13            00680-006EF              70           1
        SFR14            00700-0076F              70           1
        SFR15            00780-007EF              70           1
        SFR16            00800-0086F              70           1
        SFR17            00880-008EF              70           1
        SFR18            00900-0096F              70           1
        SFR19            00980-009EF              70           1
        SFR2             00100-0011F              20           1
        SFR20            00A00-00A6F              70           1
        SFR21            00A80-00AEF              70           1
        SFR22            00B00-00B6F              70           1
        SFR23            00B80-00BEF              70           1
        SFR24            00C00-00C6F              70           1
        SFR25            00C80-00CEF              70           1
        SFR26            00D00-00D6F              70           1
        SFR27            00D80-00DEF              70           1
        SFR28            00E00-00E6F              70           1
        SFR29            00E80-00EEF              70           1
        SFR3             00180-0019F              20           1
        SFR30            00F00-00F6F              70           1
        SFR31            00F80-00FEF              70           1
        SFR4             00200-0021F              20           1
        SFR5             00280-0029F              20           1
        SFR6             00300-0031F              20           1
        SFR7             00380-003EF              70           1
        SFR8             00400-0046F              70           1
        SFR9             00480-004EF              70           1
        STRCODE          00002-00003               2           2
                         00664-01FFF            199C
        STRING           00002-00003               2           2
                         00664-01FFF             100

                                  Symbol Table

EUSART_Read@readValue                          cstackCOMMON 00070
EUSART_SetErrorHandler@interruptHandler        cstackCOMMON 00070
EUSART_SetFramingErrorHandler@interruptHandler cstackCOMMON 00070
EUSART_SetOverrunErrorHandler@interruptHandler cstackCOMMON 00070
EUSART_SetRxInterruptHandler@interruptHandler  cstackCOMMON 00070
EUSART_SetTxInterruptHandler@interruptHandler  cstackCOMMON 00070
EUSART_Write@txData                            cstackCOMMON 00079
LIN_calcParity@CMD                             cstackCOMMON 00071
LIN_calcParity@PID                             cstackCOMMON 00072
LIN_checkPID@pid                               cstackCOMMON 00077
LIN_getChecksum@checksum                       cstackCOMMON 00077
LIN_getChecksum@data                           cstackCOMMON 00071
LIN_getChecksum@i                              cstackCOMMON 00076
LIN_getChecksum@length                         cstackCOMMON 00075
LIN_getChecksum@pid                            cstackCOMMON 00070
LIN_getFromTable@cmd                           cstackCOMMON 00073
LIN_getFromTable@length                        cstackCOMMON 00074
LIN_getFromTable@param                         cstackCOMMON 00070
LIN_getFromTable@rxCommand                     cstackCOMMON 00075
LIN_getPacket@cmd                              cstackCOMMON 0007A
LIN_getPacket@data                             cstackCOMMON 00079
LIN_handler@LIN_rxState                        bssBANK0     0004A
LIN_handler@rxDataIndex                        bssBANK0     00049
LIN_init@command                               cstackCOMMON 00072
LIN_init@processData                           cstackCOMMON 00074
LIN_init@tableLength                           cstackCOMMON 00076
LIN_queuePacket@cmd                            cstackBANK0  0005F
LIN_queuePacket@i                              cstackBANK0  00060
LIN_queuePacket@tempSchedule                   cstackBANK0  00061
LIN_sendPacket@data                            cstackCOMMON 0007B
LIN_sendPacket@i                               cstackBANK0  0005D
LIN_sendPacket@length                          cstackBANK0  0005C
LIN_sendPacket@pid                             cstackCOMMON 0007A
LIN_startTimer@timeout                         cstackCOMMON 00071
TMR0_SetInterruptHandler@InterruptHandler      cstackCOMMON 00070
TMR0_WriteTimer@timerVal                       cstackCOMMON 00070
_ANSELA                                        (abs)        0018C
_ANSELB                                        (abs)        0018D
_APFCON                                        (abs)        0011D
_BAUDCON                                       (abs)        0019F
_BORCON                                        (abs)        00116
_CountCallBack                                 bssBANK0     0004B
_EUSART_DefaultErrorHandler                    text46       0065A
_EUSART_DefaultFramingErrorHandler             text45       00663
_EUSART_DefaultOverrunErrorHandler             text44       00656
_EUSART_ErrorHandler                           bssBANK0     00032
_EUSART_FramingErrorHandler                    bssBANK0     00036
_EUSART_Initialize                             text10       00382
_EUSART_OverrunErrorHandler                    bssBANK0     00034
_EUSART_Read                                   text35       00476
_EUSART_Receive_ISR                            text43       003C0
_EUSART_RxDataHandler                          text47       0056F
_EUSART_RxDefaultInterruptHandler              bssBANK0     00038
_EUSART_SetErrorHandler                        text15       0062E
_EUSART_SetFramingErrorHandler                 text14       00628
_EUSART_SetOverrunErrorHandler                 text13       00622
_EUSART_SetRxInterruptHandler                  text12       0061C
_EUSART_SetTxInterruptHandler                  text11       00616
_EUSART_Transmit_ISR                           text42       004DC
_EUSART_TxDefaultInterruptHandler              bssBANK0     0003A
_EUSART_Write                                  text27       0042B
_EUSART_get_last_status                        text34       0065E
_EUSART_is_rx_ready                            text36       005F9
_INTCONbits                                    (abs)        0000B
_INTERRUPT_InterruptManager                    intentry     00004
_LATA                                          (abs)        0010C
_LATB                                          (abs)        0010D
_LATBbits                                      (abs)        0010D
_LATC                                          (abs)        0010E
_LATE                                          (abs)        00110
_LIN_Slave_Initialize                          text6        005C8
_LIN_breakCheck                                text33       00596
_LIN_calcParity                                text32       0023C
_LIN_checkPID                                  text30       00514
_LIN_disableRx                                 text29       00648
_LIN_enableRx                                  text28       00643
_LIN_getChecksum                               text26       003F9
_LIN_getFromTable                              text31       00324
_LIN_getPacket                                 text18       0049A
_LIN_handler                                   text16       00056
_LIN_init                                      text7        00545
_LIN_packet                                    bssBANK0     0004F
_LIN_processData                               bssBANK0     0003E
_LIN_queuePacket                               text23       002C2
_LIN_rxCommand                                 bssBANK0     0003C
_LIN_rxCommandLength                           bssBANK0     0004D
_LIN_rxInProgress                              bssBANK0     0004E
_LIN_sendPacket                                text25       00451
_LIN_setTimerHandler                           text8        00602
_LIN_startTimer                                text21       005B9
_LIN_stopTimer                                 text20       00639
_LIN_timeout                                   dataBANK0    0006B
_LIN_timerHandler                              text39       005D5
_LIN_timerRunning                              bssBANK0     0004C
_OPTION_REG                                    (abs)        00095
_OPTION_REGbits                                (abs)        00095
_OSCCON                                        (abs)        00099
_OSCILLATOR_Initialize                         text5        005E2
_OSCTUNE                                       (abs)        00098
_PIE1bits                                      (abs)        00091
_PIN_MANAGER_Initialize                        text4        004FA
_PIR1bits                                      (abs)        00011
_PLLR                                          (abs)        004D6
_RCREG                                         (abs)        00199
_RCSTA                                         (abs)        0019D
_RCSTAbits                                     (abs)        0019D
_SIGNAL_Data                                   bssBANK1     000A8
_SPBRGH                                        (abs)        0019C
_SPBRGL                                        (abs)        0019B
_SYSTEM_Initialize                             text1        00583
_TMR0                                          (abs)        00015
_TMR0_DefaultInterruptHandler                  text40       00662
_TMR0_ISR                                      text38       005A9
_TMR0_Initialize                               text3        0055B
_TMR0_InterruptHandler                         bssBANK0     00030
_TMR0_SetInterruptHandler                      text9        00610
_TMR0_WriteTimer                               text22       0063E
_TRISA                                         (abs)        0008C
_TRISB                                         (abs)        0008D
_TRISC                                         (abs)        0008E
_TRISE                                         (abs)        00090
_TXREG                                         (abs)        0019A
_TXSTA                                         (abs)        0019E
_TXSTAbits                                     (abs)        0019E
_WDTCON                                        (abs)        00097
_WDT_Initialize                                text2        00652
_WPUB                                          (abs)        0020D
_WPUE                                          (abs)        00210
__H__absolute__                                __absolute__ 00000
__Habs1                                        abs1         00000
__Hbank0                                       bank0        00000
__Hbank1                                       bank1        00000
__Hbank10                                      bank10       00000
__Hbank11                                      bank11       00000
__Hbank12                                      bank12       00000
__Hbank13                                      bank13       00000
__Hbank14                                      bank14       00000
__Hbank15                                      bank15       00000
__Hbank16                                      bank16       00000
__Hbank17                                      bank17       00000
__Hbank18                                      bank18       00000
__Hbank19                                      bank19       00000
__Hbank2                                       bank2        00000
__Hbank20                                      bank20       00000
__Hbank21                                      bank21       00000
__Hbank22                                      bank22       00000
__Hbank23                                      bank23       00000
__Hbank24                                      bank24       00000
__Hbank25                                      bank25       00000
__Hbank26                                      bank26       00000
__Hbank27                                      bank27       00000
__Hbank28                                      bank28       00000
__Hbank29                                      bank29       00000
__Hbank3                                       bank3        00000
__Hbank30                                      bank30       00000
__Hbank31                                      bank31       00000
__Hbank4                                       bank4        00000
__Hbank5                                       bank5        00000
__Hbank6                                       bank6        00000
__Hbank7                                       bank7        00000
__Hbank8                                       bank8        00000
__Hbank9                                       bank9        00000
__Hbigram                                      bigram       00000
__HbssBANK0                                    bssBANK0     00000
__HbssBANK1                                    bssBANK1     00000
__HbssCOMMON                                   bssCOMMON    00000
__Hcinit                                       cinit        00056
__Hclrtext                                     clrtext      00000
__Hcode                                        code         00000
__Hcommon                                      common       00000
__Hconfig                                      config       08009
__HcstackBANK0                                 cstackBANK0  00000
__HcstackCOMMON                                cstackCOMMON 00000
__HdataBANK0                                   dataBANK0    00000
__Heeprom_data                                 eeprom_data  00000
__Hend_init                                    end_init     0003D
__Hfunctab                                     functab      00000
__Hheap                                        heap         00000
__HidataBANK0                                  idataBANK0   00000
__Hidloc                                       idloc        08004
__Hinit                                        init         0003B
__Hintentry                                    intentry     0003B
__Hmaintext                                    maintext     00000
__Hpowerup                                     powerup      00000
__Hram                                         ram          00000
__Hreset_vec                                   reset_vec    00002
__Hsfr0                                        sfr0         00000
__Hsfr1                                        sfr1         00000
__Hsfr10                                       sfr10        00000
__Hsfr11                                       sfr11        00000
__Hsfr12                                       sfr12        00000
__Hsfr13                                       sfr13        00000
__Hsfr14                                       sfr14        00000
__Hsfr15                                       sfr15        00000
__Hsfr16                                       sfr16        00000
__Hsfr17                                       sfr17        00000
__Hsfr18                                       sfr18        00000
__Hsfr19                                       sfr19        00000
__Hsfr2                                        sfr2         00000
__Hsfr20                                       sfr20        00000
__Hsfr21                                       sfr21        00000
__Hsfr22                                       sfr22        00000
__Hsfr23                                       sfr23        00000
__Hsfr24                                       sfr24        00000
__Hsfr25                                       sfr25        00000
__Hsfr26                                       sfr26        00000
__Hsfr27                                       sfr27        00000
__Hsfr28                                       sfr28        00000
__Hsfr29                                       sfr29        00000
__Hsfr3                                        sfr3         00000
__Hsfr30                                       sfr30        00000
__Hsfr31                                       sfr31        00000
__Hsfr4                                        sfr4         00000
__Hsfr5                                        sfr5         00000
__Hsfr6                                        sfr6         00000
__Hsfr7                                        sfr7         00000
__Hsfr8                                        sfr8         00000
__Hsfr9                                        sfr9         00000
__Hsivt                                        sivt         0003B
__Hspace_0                                     (abs)        00664
__Hspace_1                                     (abs)        000B0
__Hspace_2                                     (abs)        00000
__Hspace_3                                     (abs)        00000
__Hspace_4                                     (abs)        10010
__Hstack                                       stack        00000
__Hstrings                                     strings      00000
__Hstringtext1                                 stringtext1  00000
__Htext                                        text         00000
__L__absolute__                                __absolute__ 00000
__Labs1                                        abs1         00000
__Lbank0                                       bank0        00000
__Lbank1                                       bank1        00000
__Lbank10                                      bank10       00000
__Lbank11                                      bank11       00000
__Lbank12                                      bank12       00000
__Lbank13                                      bank13       00000
__Lbank14                                      bank14       00000
__Lbank15                                      bank15       00000
__Lbank16                                      bank16       00000
__Lbank17                                      bank17       00000
__Lbank18                                      bank18       00000
__Lbank19                                      bank19       00000
__Lbank2                                       bank2        00000
__Lbank20                                      bank20       00000
__Lbank21                                      bank21       00000
__Lbank22                                      bank22       00000
__Lbank23                                      bank23       00000
__Lbank24                                      bank24       00000
__Lbank25                                      bank25       00000
__Lbank26                                      bank26       00000
__Lbank27                                      bank27       00000
__Lbank28                                      bank28       00000
__Lbank29                                      bank29       00000
__Lbank3                                       bank3        00000
__Lbank30                                      bank30       00000
__Lbank31                                      bank31       00000
__Lbank4                                       bank4        00000
__Lbank5                                       bank5        00000
__Lbank6                                       bank6        00000
__Lbank7                                       bank7        00000
__Lbank8                                       bank8        00000
__Lbank9                                       bank9        00000
__Lbigram                                      bigram       00000
__LbssBANK0                                    bssBANK0     00000
__LbssBANK1                                    bssBANK1     00000
__LbssCOMMON                                   bssCOMMON    00000
__Lcinit                                       cinit        0003D
__Lclrtext                                     clrtext      00000
__Lcode                                        code         00000
__Lcommon                                      common       00000
__Lconfig                                      config       00000
__LcstackBANK0                                 cstackBANK0  00000
__LcstackCOMMON                                cstackCOMMON 00000
__LdataBANK0                                   dataBANK0    00000
__Leeprom_data                                 eeprom_data  00000
__Lend_init                                    end_init     0003B
__Lfunctab                                     functab      00000
__Lheap                                        heap         00000
__LidataBANK0                                  idataBANK0   00000
__Lidloc                                       idloc        00000
__Linit                                        init         0003B
__Lintentry                                    intentry     00004
__Lmaintext                                    maintext     00000
__Lpowerup                                     powerup      00000
__Lram                                         ram          00000
__Lreset_vec                                   reset_vec    00000
__Lsfr0                                        sfr0         00000
__Lsfr1                                        sfr1         00000
__Lsfr10                                       sfr10        00000
__Lsfr11                                       sfr11        00000
__Lsfr12                                       sfr12        00000
__Lsfr13                                       sfr13        00000
__Lsfr14                                       sfr14        00000
__Lsfr15                                       sfr15        00000
__Lsfr16                                       sfr16        00000
__Lsfr17                                       sfr17        00000
__Lsfr18                                       sfr18        00000
__Lsfr19                                       sfr19        00000
__Lsfr2                                        sfr2         00000
__Lsfr20                                       sfr20        00000
__Lsfr21                                       sfr21        00000
__Lsfr22                                       sfr22        00000
__Lsfr23                                       sfr23        00000
__Lsfr24                                       sfr24        00000
__Lsfr25                                       sfr25        00000
__Lsfr26                                       sfr26        00000
__Lsfr27                                       sfr27        00000
__Lsfr28                                       sfr28        00000
__Lsfr29                                       sfr29        00000
__Lsfr3                                        sfr3         00000
__Lsfr30                                       sfr30        00000
__Lsfr31                                       sfr31        00000
__Lsfr4                                        sfr4         00000
__Lsfr5                                        sfr5         00000
__Lsfr6                                        sfr6         00000
__Lsfr7                                        sfr7         00000
__Lsfr8                                        sfr8         00000
__Lsfr9                                        sfr9         00000
__Lsivt                                        sivt         0003B
__Lspace_0                                     (abs)        00000
__Lspace_1                                     (abs)        00000
__Lspace_2                                     (abs)        00000
__Lspace_3                                     (abs)        00000
__Lspace_4                                     (abs)        00000
__Lstack                                       stack        00000
__Lstrings                                     strings      00000
__Lstringtext1                                 stringtext1  00000
__Ltext                                        text         00000
__S0                                           (abs)        00664
__S1                                           (abs)        000B0
__S3                                           (abs)        00000
___heap_hi                                     (abs)        00000
___heap_lo                                     (abs)        00000
___int_sp                                      stack        00000
___int_stack_hi                                stack        00000
___int_stack_lo                                stack        00000
___latbits                                     (abs)        00002
___sp                                          stack        00000
___stack_hi                                    stack        00000
___stack_lo                                    stack        00000
___stackhi                                     (abs)        00000
___stacklo                                     (abs)        00000
__end_of_EUSART_DefaultErrorHandler            text46       0065E
__end_of_EUSART_DefaultFramingErrorHandler     text45       00664
__end_of_EUSART_DefaultOverrunErrorHandler     text44       0065A
__end_of_EUSART_Initialize                     text10       003C0
__end_of_EUSART_Read                           text35       0049A
__end_of_EUSART_Receive_ISR                    text43       003F9
__end_of_EUSART_RxDataHandler                  text47       00583
__end_of_EUSART_SetErrorHandler                text15       00634
__end_of_EUSART_SetFramingErrorHandler         text14       0062E
__end_of_EUSART_SetOverrunErrorHandler         text13       00628
__end_of_EUSART_SetRxInterruptHandler          text12       00622
__end_of_EUSART_SetTxInterruptHandler          text11       0061C
__end_of_EUSART_Transmit_ISR                   text42       004FA
__end_of_EUSART_Write                          text27       00451
__end_of_EUSART_get_last_status                text34       00661
__end_of_EUSART_is_rx_ready                    text36       00602
__end_of_INTERRUPT_InterruptManager            intentry     0003B
__end_of_LIN_Slave_Initialize                  text6        005D5
__end_of_LIN_breakCheck                        text33       005A9
__end_of_LIN_calcParity                        text32       002C2
__end_of_LIN_checkPID                          text30       0052E
__end_of_LIN_disableRx                         text29       0064D
__end_of_LIN_enableRx                          text28       00648
__end_of_LIN_getChecksum                       text26       0042B
__end_of_LIN_getFromTable                      text31       00382
__end_of_LIN_getPacket                         text18       004BC
__end_of_LIN_handler                           text16       00186
__end_of_LIN_init                              text7        0055B
__end_of_LIN_queuePacket                       text23       00324
__end_of_LIN_sendPacket                        text25       00476
__end_of_LIN_setTimerHandler                   text8        0060A
__end_of_LIN_startTimer                        text21       005C8
__end_of_LIN_stopTimer                         text20       0063E
__end_of_LIN_timerHandler                      text39       005E2
__end_of_OSCILLATOR_Initialize                 text5        005EE
__end_of_PIN_MANAGER_Initialize                text4        00514
__end_of_SYSTEM_Initialize                     text1        00596
__end_of_TMR0_DefaultInterruptHandler          text40       00663
__end_of_TMR0_ISR                              text38       005B9
__end_of_TMR0_Initialize                       text3        0056F
__end_of_TMR0_SetInterruptHandler              text9        00616
__end_of_TMR0_WriteTimer                       text22       00643
__end_of_WDT_Initialize                        text2        00656
__end_of__initialization                       cinit        00052
__end_of_main                                  maintext     005F9
__end_of_memcpy                                text24       004DC
__end_of_memset                                text19       00545
__end_of_processLIN                            text17       0023C
__end_of_scheduleTable                         stringtext1  00639
__end_ofi1_LIN_stopTimer                       text41       00652
__initialization                               cinit        0003D
__pbssBANK0                                    bssBANK0     00020
__pbssBANK1                                    bssBANK1     000A0
__pbssCOMMON                                   bssCOMMON    0007D
__pcstackBANK0                                 cstackBANK0  0005C
__pcstackCOMMON                                cstackCOMMON 00070
__pdataBANK0                                   dataBANK0    0006B
__pidataBANK0                                  idataBANK0   00661
__pintentry                                    intentry     00004
__pmaintext                                    maintext     005EE
__pstringtext1                                 stringtext1  00634
__ptext1                                       text1        00583
__ptext10                                      text10       00382
__ptext11                                      text11       00616
__ptext12                                      text12       0061C
__ptext13                                      text13       00622
__ptext14                                      text14       00628
__ptext15                                      text15       0062E
__ptext16                                      text16       00056
__ptext17                                      text17       00186
__ptext18                                      text18       0049A
__ptext19                                      text19       0052E
__ptext2                                       text2        00652
__ptext20                                      text20       00639
__ptext21                                      text21       005B9
__ptext22                                      text22       0063E
__ptext23                                      text23       002C2
__ptext24                                      text24       004BC
__ptext25                                      text25       00451
__ptext26                                      text26       003F9
__ptext27                                      text27       0042B
__ptext28                                      text28       00643
__ptext29                                      text29       00648
__ptext3                                       text3        0055B
__ptext30                                      text30       00514
__ptext31                                      text31       00324
__ptext32                                      text32       0023C
__ptext33                                      text33       00596
__ptext34                                      text34       0065E
__ptext35                                      text35       00476
__ptext36                                      text36       005F9
__ptext38                                      text38       005A9
__ptext39                                      text39       005D5
__ptext4                                       text4        004FA
__ptext40                                      text40       00662
__ptext41                                      text41       0064D
__ptext42                                      text42       004DC
__ptext43                                      text43       003C0
__ptext44                                      text44       00656
__ptext45                                      text45       00663
__ptext46                                      text46       0065A
__ptext47                                      text47       0056F
__ptext5                                       text5        005E2
__ptext6                                       text6        005C8
__ptext7                                       text7        00545
__ptext8                                       text8        00602
__ptext9                                       text9        00610
_cnt                                           bssBANK0     00040
_eusartRxBuffer                                bssBANK1     000A0
_eusartRxCount                                 bssBANK0     00044
_eusartRxHead                                  bssCOMMON    0007D
_eusartRxLastError                             bssBANK0     00043
_eusartRxStatusBuffer                          bssBANK0     00020
_eusartRxTail                                  bssBANK0     00045
_eusartTxBuffer                                bssBANK0     00028
_eusartTxBufferRemaining                       bssBANK0     00046
_eusartTxHead                                  bssBANK0     00048
_eusartTxTail                                  bssBANK0     00047
_main                                          maintext     005EE
_memcpy                                        text24       004BC
_memset                                        text19       0052E
_processLIN                                    text17       00186
_scheduleTable                                 stringtext1  00634
_timer0ReloadVal                               bssBANK0     00042
btemp                                          (abs)        0007E
btemp0                                         (abs)        0007E
btemp1                                         (abs)        0007F
clear_ram0                                     clrtext      0060A
end_of_initialization                          cinit        00052
i1_LIN_stopTimer                               text41       0064D
int$flags                                      (abs)        0007E
intlevel0                                      functab      00000
intlevel1                                      functab      00000
intlevel2                                      functab      00000
intlevel3                                      functab      00000
intlevel4                                      functab      00000
intlevel5                                      functab      00000
ltemp0a                                        (abs)        00080
memcpy@d                                       cstackCOMMON 00077
memcpy@d1                                      cstackCOMMON 00070
memcpy@n                                       cstackCOMMON 00074
memcpy@s                                       cstackCOMMON 00078
memcpy@s1                                      cstackCOMMON 00072
memcpy@tmp                                     cstackCOMMON 00076
memset@c                                       cstackCOMMON 00072
memset@dest                                    cstackCOMMON 00070
memset@n                                       cstackCOMMON 00074
memset@p                                       cstackCOMMON 00076
processLIN@cmd                                 cstackBANK0  00064
processLIN@mode                                cstackBANK0  00065
processLIN@tempRxData                          cstackBANK0  0005C
reset_vec                                      reset_vec    00000
start                                          init         0003B
start_initialization                           cinit        0003D
ttemp0a                                        (abs)        0007F
wtemp0                                         (abs)        0007E
wtemp0a                                        (abs)        0007F


MODULE INFORMATION

Module		Function		Class		Link	Load	Size
D:\yiming\00work\FR685_V05.X\mcc_generated_files\LINDrivers\lin_app.c
		_processLIN    		CODE           	0186	0000	182
		_LIN_Slave_Initialize		CODE           	05C8	0000	13

D:\yiming\00work\FR685_V05.X\mcc_generated_files\LINDrivers\lin_app.c estimated size: 195

c:\PROGRA~1\MICROC~1\xc8\v3.10\pic\sources\c99\common\memset.c
		_memset        		CODE           	052E	0000	23

c:\PROGRA~1\MICROC~1\xc8\v3.10\pic\sources\c99\common\memset.c estimated size: 23

D:\yiming\00work\FR685_V05.X\main.c
		_main          		CODE           	05EE	0000	11

D:\yiming\00work\FR685_V05.X\main.c estimated size: 11

D:\yiming\00work\FR685_V05.X\mcc_generated_files\mcc.c
		_WDT_Initialize		CODE           	0652	0000	4
		_OSCILLATOR_Initialize		CODE           	05E2	0000	12
		_SYSTEM_Initialize		CODE           	0583	0000	19

D:\yiming\00work\FR685_V05.X\mcc_generated_files\mcc.c estimated size: 35

D:\yiming\00work\FR685_V05.X\mcc_generated_files\pin_manager.c
		_PIN_MANAGER_Initialize		CODE           	04FA	0000	26

D:\yiming\00work\FR685_V05.X\mcc_generated_files\pin_manager.c estimated size: 26

D:\yiming\00work\FR685_V05.X\mcc_generated_files\eusart.c
		_EUSART_SetRxInterruptHandler		CODE           	061C	0000	6
		_EUSART_SetTxInterruptHandler		CODE           	0616	0000	6
		_EUSART_Read   		CODE           	0476	0000	36
		_EUSART_DefaultOverrunErrorHandler		CODE           	0656	0000	4
		_EUSART_Write  		CODE           	042B	0000	38
		_EUSART_DefaultErrorHandler		CODE           	065A	0000	4
		_EUSART_Transmit_ISR		CODE           	04DC	0000	30
		_EUSART_Initialize		CODE           	0382	0000	62
		_EUSART_SetFramingErrorHandler		CODE           	0628	0000	6
		_EUSART_SetErrorHandler		CODE           	062E	0000	6
		_EUSART_SetOverrunErrorHandler		CODE           	0622	0000	6
		_EUSART_Receive_ISR		CODE           	03C0	0000	57
		_EUSART_RxDataHandler		CODE           	056F	0000	20
		_EUSART_DefaultFramingErrorHandler		CODE           	0663	0000	1
		_EUSART_get_last_status		CODE           	065E	0000	3
		_EUSART_is_rx_ready		CODE           	05F9	0000	9

D:\yiming\00work\FR685_V05.X\mcc_generated_files\eusart.c estimated size: 294

D:\yiming\00work\FR685_V05.X\mcc_generated_files\LINDrivers\lin_slave.c
		_LIN_init      		CODE           	0545	0000	22
		_LIN_stopTimer 		CODE           	0639	0000	5
		_LIN_timerHandler		CODE           	05D5	0000	13
		_LIN_checkPID  		CODE           	0514	0000	26
		_LIN_getFromTable		CODE           	0324	0000	94
		_LIN_getPacket 		CODE           	049A	0000	34
		_LIN_sendPacket		CODE           	0451	0000	37
		_LIN_disableRx 		CODE           	0648	0000	5
		_LIN_setTimerHandler		CODE           	0602	0000	8
		_LIN_startTimer		CODE           	05B9	0000	15
		_LIN_queuePacket		CODE           	02C2	0000	98
		_LIN_breakCheck		CODE           	0596	0000	19
		_LIN_getChecksum		CODE           	03F9	0000	50
		_LIN_handler   		CODE           	0056	0000	304
		_LIN_calcParity		CODE           	023C	0000	134
		_LIN_enableRx  		CODE           	0643	0000	5

D:\yiming\00work\FR685_V05.X\mcc_generated_files\LINDrivers\lin_slave.c estimated size: 869

c:\PROGRA~1\MICROC~1\xc8\v3.10\pic\sources\c99\common\memcpy.c
		_memcpy        		CODE           	04BC	0000	32

c:\PROGRA~1\MICROC~1\xc8\v3.10\pic\sources\c99\common\memcpy.c estimated size: 32

shared
		i1_LIN_stopTimer		CODE           	064D	0000	5
		_scheduleTable 		STRCODE        	0634	0000	5
		__initialization		CODE           	003D	0000	21

shared estimated size: 31

D:\yiming\00work\FR685_V05.X\mcc_generated_files\tmr0.c
		_TMR0_SetInterruptHandler		CODE           	0610	0000	6
		_TMR0_DefaultInterruptHandler		CODE           	0662	0000	1
		_TMR0_WriteTimer		CODE           	063E	0000	5
		_TMR0_ISR      		CODE           	05A9	0000	16
		_TMR0_Initialize		CODE           	055B	0000	20

D:\yiming\00work\FR685_V05.X\mcc_generated_files\tmr0.c estimated size: 48

D:\yiming\00work\FR685_V05.X\mcc_generated_files\interrupt_manager.c
		_INTERRUPT_InterruptManager		CODE           	0004	0000	55

D:\yiming\00work\FR685_V05.X\mcc_generated_files\interrupt_manager.c estimated size: 55

