Microchip MPLAB XC8 Compiler V3.10

Linker command line:

-W-3 \
  --edf=C:/Users/t00904/.mchp_packs/Microchip/PIC12-16F1xxx_DFP/1.9.258/xc8\pic\dat\20260422061108_en.msgs \
  -cn -h+D:\yiming\00work\FR685_V05.X\out\F150_RX_V01\default.sym \
  --cmf=D:\yiming\00work\FR685_V05.X\out\F150_RX_V01\default.cmf -z \
  -Q16F1936 -oC:\Users\t00904\AppData\Local\Temp\xcAsei4.0\driver_tmp_3.o \
  --defsym=__MPLAB_BUILD=1 --fixupoverflow=error -Mmem.map \
  --md=C:\Users\t00904\AppData\Local\Temp\xcAsei4.0\driver_tmp_0.dat -E1 \
  -ver=XC8 Compiler -ACODE=00h-07FFhx4 -ASTRCODE=00h-01FFFh \
  -ASTRING=00h-0FFhx32 -ACONST=00h-0FFhx32 -AENTRY=00h-0FFhx32 \
  -ACOMMON=070h-07Fh -ABANK0=020h-06Fh -ABANK1=0A0h-0EFh \
  -ABANK2=0120h-016Fh -ABANK3=01A0h-01EFh -ABANK4=0220h-026Fh \
  -ABANK5=02A0h-02EFh -ABANK6=0320h-032Fh -ABIGRAM=02000h-021EFh \
  -ARAM=020h-06Fh,0A0h-0EFh,0120h-016Fh,01A0h-01EFh,0220h-026Fh,02A0h-02EFh,0320h-032Fh \
  -AABS1=020h-07Fh,0A0h-0EFh,0120h-016Fh,01A0h-01EFh,0220h-026Fh,02A0h-02EFh,0320h-032Fh \
  -ASFR0=00h-01Fh -ASFR1=080h-09Fh -ASFR2=0100h-011Fh -ASFR3=0180h-019Fh \
  -ASFR4=0200h-021Fh -ASFR5=0280h-029Fh -ASFR6=0300h-031Fh \
  -ASFR7=0380h-03EFh -ASFR8=0400h-046Fh -ASFR9=0480h-04EFh \
  -ASFR10=0500h-056Fh -ASFR11=0580h-05EFh -ASFR12=0600h-066Fh \
  -ASFR13=0680h-06EFh -ASFR14=0700h-076Fh -ASFR15=0780h-07EFh \
  -ASFR16=0800h-086Fh -ASFR17=0880h-08EFh -ASFR18=0900h-096Fh \
  -ASFR19=0980h-09EFh -ASFR20=0A00h-0A6Fh -ASFR21=0A80h-0AEFh \
  -ASFR22=0B00h-0B6Fh -ASFR23=0B80h-0BEFh -ASFR24=0C00h-0C6Fh \
  -ASFR25=0C80h-0CEFh -ASFR26=0D00h-0D6Fh -ASFR27=0D80h-0DEFh \
  -ASFR28=0E00h-0E6Fh -ASFR29=0E80h-0EEFh -ASFR30=0F00h-0F6Fh \
  -ASFR31=0F80h-0FEFh -ACONFIG=08007h-08008h -DCONFIG=2 \
  -AIDLOC=08000h-08003h -DIDLOC=2 -AEEDATA=00h-0FFh/0F000h \
  -peeprom_data=EEDATA -DEEDATA=2 -DCODE=2 -DSTRCODE=2 -DSTRING=2 -DCONST=2 \
  -DENTRY=2 -preset_vec=00h,intentry=04h,sivt,init,end_init -ppowerup=CODE \
  -pcinit=CODE -pfunctab=ENTRY -k \
  C:\Users\t00904\AppData\Local\Temp\xcAsei4.0\driver_tmp_15.o \
  D:\yiming\00work\FR685_V05.X\out\F150_RX_V01\default.o 

Object code version is 3.11

Machine type is 16F1936



                Name                               Link     Load   Length Selector   Space Scale
C:\Users\t00904\AppData\Local\Temp\xcAsei4.0\driver_tmp_15.o
                end_init                             3B       3B        2        8       0
                reset_vec                             0        0        2        0       0
                config                             8007     8007        2        0       4
                idloc                              8000     8000        4        0       5
D:\yiming\00work\FR685_V05.X\out\F150_RX_V01\default.o
                cinit                                3D       3D       19        8       0
                intentry                              4        4       37        8       0
                config                             8007     8007        2        0       4
                idloc                              8000     8000        4        0       5
                text55                              54F      54F       14        8       0
                text54                              62A      62A        4      C16       0
                text53                              642      642        1      C16       0
                text52                              626      626        4      C16       0
                text51                              358      358       39        8       0
                text50                              4A4      4A4       1E        8       0
                text49                              641      641        1      C16       0
                text48                              3C3      3C3       2D        8       0
                text47                              589      589       10        8       0
                text45                              63A      63A        3      C16       0
                text44                              637      637        3      C16       0
                text43                              640      640        1      C16       0
                text42                              63F      63F        1      C16       0
                text41                              634      634        3      C16       0
                text40                              622      622        4      C16       0
                text39                              63E      63E        1      C16       0
                text38                              5CB      5CB        9        8       0
                text37                              460      460       24        8       0
                text36                              576      576       13        8       0
                text35                              17A      17A       86        8       0
                text34                              264      264       5E        8       0
                text33                              4DC      4DC       1A        8       0
                text32                              615      615        5      C16       0
                text31                              610      610        5      C16       0
                text30                              3F0      3F0       26        8       0
                text29                              391      391       32        8       0
                text28                              43B      43B       25        8       0
                text27                              484      484       20        8       0
                text26                              200      200       64        8       0
                text25                              60B      60B        5      C16       0
                text24                              599      599        E        8       0
                text23                              631      631        3      C16       0
                text22                              62E      62E        3      C16       0
                text21                              50E      50E       17        8       0
                text20                              416      416       25        8       0
                text19                              2C2      2C2       58        8       0
                text18                               56       56      124        8       0
                text17                              5C0      5C0        B        8       0
                text16                              600      600        6        8       0
                text15                              5FA      5FA        6        8       0
                text14                              5F4      5F4        6        8       0
                text13                              5EE      5EE        6        8       0
                text12                              5E8      5E8        6        8       0
                text11                              31A      31A       3E        8       0
                text10                              5E2      5E2        6        8       0
                text9                               5D4      5D4        8        8       0
                text8                               61E      61E        4      C16       0
                text7                               525      525       16        8       0
                text6                               5A7      5A7        D        8       0
                text5                               5B4      5B4        C        8       0
                text4                               4C2      4C2       1A        8       0
                text3                               53B      53B       14        8       0
                text2                               61A      61A        4      C16       0
                text1                               563      563       13        8       0
                maintext                            4F6      4F6       18        8       0
                cstackBANK0                          61       61        E       20       1
                cstackCOMMON                         70       70        D       70       1
                clrtext                             5DC      5DC        6        8       0
                bssBANK1                             A0       A0       10       A0       1
                dataBANK0                            6F       6F        1       20       1
                bssBANK0                             20       20       41       20       1
                bssCOMMON                            7D       7D        1       70       1
                stringtext1                         606      606        5      C0C       0
                idataBANK0                          63D      63D        1      C16       0

TOTAL           Name                               Link     Load   Length     Space
        CLASS   CODE           
                end_init                             3B       3B        2         0
                cinit                                3D       3D       19         0
                intentry                              4        4       37         0
                reset_vec                             0        0        2         0
                text55                              54F      54F       14         0
                text54                              62A      62A        4         0
                text53                              642      642        1         0
                text52                              626      626        4         0
                text51                              358      358       39         0
                text50                              4A4      4A4       1E         0
                text49                              641      641        1         0
                text48                              3C3      3C3       2D         0
                text47                              589      589       10         0
                text45                              63A      63A        3         0
                text44                              637      637        3         0
                text43                              640      640        1         0
                text42                              63F      63F        1         0
                text41                              634      634        3         0
                text40                              622      622        4         0
                text39                              63E      63E        1         0
                text38                              5CB      5CB        9         0
                text37                              460      460       24         0
                text36                              576      576       13         0
                text35                              17A      17A       86         0
                text34                              264      264       5E         0
                text33                              4DC      4DC       1A         0
                text32                              615      615        5         0
                text31                              610      610        5         0
                text30                              3F0      3F0       26         0
                text29                              391      391       32         0
                text28                              43B      43B       25         0
                text27                              484      484       20         0
                text26                              200      200       64         0
                text25                              60B      60B        5         0
                text24                              599      599        E         0
                text23                              631      631        3         0
                text22                              62E      62E        3         0
                text21                              50E      50E       17         0
                text20                              416      416       25         0
                text19                              2C2      2C2       58         0
                text18                               56       56      124         0
                text17                              5C0      5C0        B         0
                text16                              600      600        6         0
                text15                              5FA      5FA        6         0
                text14                              5F4      5F4        6         0
                text13                              5EE      5EE        6         0
                text12                              5E8      5E8        6         0
                text11                              31A      31A       3E         0
                text10                              5E2      5E2        6         0
                text9                               5D4      5D4        8         0
                text8                               61E      61E        4         0
                text7                               525      525       16         0
                text6                               5A7      5A7        D         0
                text5                               5B4      5B4        C         0
                text4                               4C2      4C2       1A         0
                text3                               53B      53B       14         0
                text2                               61A      61A        4         0
                text1                               563      563       13         0
                maintext                            4F6      4F6       18         0
                clrtext                             5DC      5DC        6         0
                idataBANK0                          63D      63D        1         0

        CLASS   STRCODE        
                stringtext1                         606      606        5         0

        CLASS   STRING         

        CLASS   CONST          

        CLASS   ENTRY          

        CLASS   COMMON         
                cstackCOMMON                         70       70        D         1
                bssCOMMON                            7D       7D        1         1

        CLASS   BANK0          
                cstackBANK0                          61       61        E         1
                dataBANK0                            6F       6F        1         1
                bssBANK0                             20       20       41         1

        CLASS   BANK1          
                bssBANK1                             A0       A0       10         1

        CLASS   BANK2          

        CLASS   BANK3          

        CLASS   BANK4          

        CLASS   BANK5          

        CLASS   BANK6          

        CLASS   BIGRAM         

        CLASS   RAM            

        CLASS   ABS1           
                abs_s1                               7E       7E        2         1

        CLASS   SFR0           

        CLASS   SFR1           

        CLASS   SFR2           

        CLASS   SFR3           

        CLASS   SFR4           

        CLASS   SFR5           

        CLASS   SFR6           

        CLASS   SFR7           

        CLASS   SFR8           

        CLASS   SFR9           

        CLASS   SFR10          

        CLASS   SFR11          

        CLASS   SFR12          

        CLASS   SFR13          

        CLASS   SFR14          

        CLASS   SFR15          

        CLASS   SFR16          

        CLASS   SFR17          

        CLASS   SFR18          

        CLASS   SFR19          

        CLASS   SFR20          

        CLASS   SFR21          

        CLASS   SFR22          

        CLASS   SFR23          

        CLASS   SFR24          

        CLASS   SFR25          

        CLASS   SFR26          

        CLASS   SFR27          

        CLASS   SFR28          

        CLASS   SFR29          

        CLASS   SFR30          

        CLASS   SFR31          

        CLASS   CONFIG         
                config                             8007     8007        2         4

        CLASS   IDLOC          
                idloc                              8000     8000        4         5

        CLASS   EEDATA         

        CLASS   BANK31         

        CLASS   BANK30         

        CLASS   BANK29         

        CLASS   BANK28         

        CLASS   BANK27         

        CLASS   BANK26         

        CLASS   BANK25         

        CLASS   BANK24         

        CLASS   BANK23         

        CLASS   BANK22         

        CLASS   BANK21         

        CLASS   BANK20         

        CLASS   BANK19         

        CLASS   BANK18         

        CLASS   BANK17         

        CLASS   BANK16         

        CLASS   BANK15         

        CLASS   BANK14         

        CLASS   BANK13         

        CLASS   BANK12         

        CLASS   BANK11         

        CLASS   BANK10         

        CLASS   BANK9          

        CLASS   BANK8          

        CLASS   BANK7          

        CLASS   HEAP           

        CLASS   STACK          



SEGMENTS        Name                           Load    Length   Top    Selector   Space  Class     Delta

                reset_vec                      000000  000002  000002         0       0  CODE        2
                intentry                       000004  000602  000606         8       0  CODE        2
                bssBANK0                       000020  000050  000070        20       1  BANK0       1
                cstackCOMMON                   000070  00000E  00007E        70       1  COMMON      1
                bssBANK1                       0000A0  000010  0000B0        A0       1  BANK1       1
                stringtext1                    000606  000005  00060B       C0C       0  STRCODE     2
                text25                         00060B  000038  000643       C16       0  CODE        2


UNUSED ADDRESS RANGES

        Name                Unused          Largest block    Delta
        BANK1            000B0-000EF              40           1
        BANK2            00120-0016F              50           1
        BANK3            001A0-001EF              50           1
        BANK4            00220-0026F              50           1
        BANK5            002A0-002EF              50           1
        BANK6            00320-0032F              10           1
        BIGRAM           02000-021EF             1F0           1
        CODE             00002-00003               2           2
                         00643-01FFF             800
        CONST            00002-00003               2           2
                         00643-01FFF             100
        EEDATA           0F000-0F0FF             100           2
        ENTRY            00002-00003               2           2
                         00643-01FFF             100
        RAM              000B0-000EF              40           1
                         00120-0016F              50
                         001A0-001EF              50
                         00220-0026F              50
                         002A0-002EF              50
                         00320-0032F              10
        SFR0             00000-0001F              20           1
        SFR1             00080-0009F              20           1
        SFR10            00500-0056F              70           1
        SFR11            00580-005EF              70           1
        SFR12            00600-0066F              70           1
        SFR13            00680-006EF              70           1
        SFR14            00700-0076F              70           1
        SFR15            00780-007EF              70           1
        SFR16            00800-0086F              70           1
        SFR17            00880-008EF              70           1
        SFR18            00900-0096F              70           1
        SFR19            00980-009EF              70           1
        SFR2             00100-0011F              20           1
        SFR20            00A00-00A6F              70           1
        SFR21            00A80-00AEF              70           1
        SFR22            00B00-00B6F              70           1
        SFR23            00B80-00BEF              70           1
        SFR24            00C00-00C6F              70           1
        SFR25            00C80-00CEF              70           1
        SFR26            00D00-00D6F              70           1
        SFR27            00D80-00DEF              70           1
        SFR28            00E00-00E6F              70           1
        SFR29            00E80-00EEF              70           1
        SFR3             00180-0019F              20           1
        SFR30            00F00-00F6F              70           1
        SFR31            00F80-00FEF              70           1
        SFR4             00200-0021F              20           1
        SFR5             00280-0029F              20           1
        SFR6             00300-0031F              20           1
        SFR7             00380-003EF              70           1
        SFR8             00400-0046F              70           1
        SFR9             00480-004EF              70           1
        STRCODE          00002-00003               2           2
                         00643-01FFF            19BD
        STRING           00002-00003               2           2
                         00643-01FFF             100

                                  Symbol Table

EUSART_Read@readValue                          cstackCOMMON 00070
EUSART_SetErrorHandler@interruptHandler        cstackCOMMON 00070
EUSART_SetFramingErrorHandler@interruptHandler cstackCOMMON 00070
EUSART_SetOverrunErrorHandler@interruptHandler cstackCOMMON 00070
EUSART_SetRxInterruptHandler@interruptHandler  cstackCOMMON 00070
EUSART_SetTxInterruptHandler@interruptHandler  cstackCOMMON 00070
EUSART_Write@txData                            cstackCOMMON 00079
LIN_calcParity@CMD                             cstackCOMMON 00071
LIN_calcParity@PID                             cstackCOMMON 00072
LIN_checkPID@pid                               cstackCOMMON 00077
LIN_getChecksum@checksum                       cstackCOMMON 00077
LIN_getChecksum@data                           cstackCOMMON 00071
LIN_getChecksum@i                              cstackCOMMON 00076
LIN_getChecksum@length                         cstackCOMMON 00075
LIN_getChecksum@pid                            cstackCOMMON 00070
LIN_getFromTable@cmd                           cstackCOMMON 00073
LIN_getFromTable@length                        cstackCOMMON 00074
LIN_getFromTable@param                         cstackCOMMON 00070
LIN_getFromTable@rxCommand                     cstackCOMMON 00075
LIN_getPacket@cmd                              cstackCOMMON 0007A
LIN_getPacket@data                             cstackCOMMON 00079
LIN_handler@LIN_rxState                        bssBANK0     0004C
LIN_handler@rxDataIndex                        bssBANK0     0004B
LIN_init@command                               cstackCOMMON 00072
LIN_init@processData                           cstackCOMMON 00074
LIN_init@tableLength                           cstackCOMMON 00076
LIN_queuePacket@cmd                            cstackBANK0  00066
LIN_queuePacket@i                              cstackBANK0  00067
LIN_queuePacket@tempSchedule                   cstackBANK0  00068
LIN_sendPacket@data                            cstackCOMMON 0007B
LIN_sendPacket@i                               cstackBANK0  00062
LIN_sendPacket@length                          cstackBANK0  00061
LIN_sendPacket@pid                             cstackCOMMON 0007A
LIN_startTimer@timeout                         cstackCOMMON 00071
TMR0_SetInterruptHandler@InterruptHandler      cstackCOMMON 00070
TMR0_WriteTimer@timerVal                       cstackCOMMON 00070
_ANSELA                                        (abs)        0018C
_ANSELB                                        (abs)        0018D
_APFCON                                        (abs)        0011D
_BAUDCON                                       (abs)        0019F
_BORCON                                        (abs)        00116
_Clear_No_Call_Warning                         text39       0063E
_CountCallBack                                 bssBANK0     00050
_EUSART_DefaultErrorHandler                    text54       0062A
_EUSART_DefaultFramingErrorHandler             text53       00642
_EUSART_DefaultOverrunErrorHandler             text52       00626
_EUSART_ErrorHandler                           bssBANK0     00032
_EUSART_FramingErrorHandler                    bssBANK0     00036
_EUSART_Initialize                             text11       0031A
_EUSART_OverrunErrorHandler                    bssBANK0     00034
_EUSART_Read                                   text37       00460
_EUSART_Receive_ISR                            text51       00358
_EUSART_RxDataHandler                          text55       0054F
_EUSART_RxDefaultInterruptHandler              bssBANK0     00038
_EUSART_SetErrorHandler                        text16       00600
_EUSART_SetFramingErrorHandler                 text15       005FA
_EUSART_SetOverrunErrorHandler                 text14       005F4
_EUSART_SetRxInterruptHandler                  text13       005EE
_EUSART_SetTxInterruptHandler                  text12       005E8
_EUSART_Transmit_ISR                           text50       004A4
_EUSART_TxDefaultInterruptHandler              bssBANK0     0003A
_EUSART_Write                                  text30       003F0
_EUSART_get_last_status                        text45       0063A
_EUSART_is_rx_ready                            text38       005CB
_EUSART_is_tx_done                             text44       00637
_EUSART_is_tx_ready                            text43       00640
_HIBEAM_OFF                                    text23       00631
_HIBEAM_ON                                     text22       0062E
_INTCONbits                                    (abs)        0000B
_INTERRUPT_InterruptManager                    intentry     00004
_LATA                                          (abs)        0010C
_LATB                                          (abs)        0010D
_LATBbits                                      (abs)        0010D
_LATC                                          (abs)        0010E
_LATE                                          (abs)        00110
_LIN_Slave_Initialize                          text6        005A7
_LIN_breakCheck                                text36       00576
_LIN_calcParity                                text35       0017A
_LIN_checkPID                                  text33       004DC
_LIN_disableRx                                 text32       00615
_LIN_enableRx                                  text31       00610
_LIN_getChecksum                               text29       00391
_LIN_getFromTable                              text34       00264
_LIN_getPacket                                 text20       00416
_LIN_handler                                   text18       00056
_LIN_init                                      text7        00525
_LIN_packet                                    bssBANK0     00054
_LIN_processData                               bssBANK0     00040
_LIN_queuePacket                               text26       00200
_LIN_rxCommand                                 bssBANK0     0003E
_LIN_rxCommandLength                           bssBANK0     00052
_LIN_rxInProgress                              bssBANK0     00053
_LIN_sendPacket                                text28       0043B
_LIN_setTimerHandler                           text9        005D4
_LIN_signalElapsedMs                           bssBANK0     0003C
_LIN_signalTimedOut                            bssBANK0     0004E
_LIN_signalTimeoutOccurred                     text17       005C0
_LIN_signalTimeoutPending                      bssBANK0     0004D
_LIN_startTimer                                text24       00599
_LIN_stopTimer                                 text8        0061E
_LIN_timeout                                   dataBANK0    0006F
_LIN_timerHandler                              text48       003C3
_LIN_timerRunning                              bssBANK0     00051
_LIN_validSignalReceived                       bssBANK0     0004F
_OPTION_REG                                    (abs)        00095
_OPTION_REGbits                                (abs)        00095
_OSCCON                                        (abs)        00099
_OSCILLATOR_Initialize                         text5        005B4
_OSCTUNE                                       (abs)        00098
_PIE1bits                                      (abs)        00091
_PIN_MANAGER_IOC                               text42       0063F
_PIN_MANAGER_Initialize                        text4        004C2
_PIR1bits                                      (abs)        00011
_PLLR                                          (abs)        004D6
_RCREG                                         (abs)        00199
_RCSTA                                         (abs)        0019D
_RCSTAbits                                     (abs)        0019D
_SIGNAL_Data                                   bssBANK1     000A8
_SPBRGH                                        (abs)        0019C
_SPBRGL                                        (abs)        0019B
_SYSTEM_Initialize                             text1        00563
_TMR0                                          (abs)        00015
_TMR0_DefaultInterruptHandler                  text49       00641
_TMR0_ISR                                      text47       00589
_TMR0_Initialize                               text3        0053B
_TMR0_InterruptHandler                         bssBANK0     00030
_TMR0_ReadTimer                                text41       00634
_TMR0_Reload                                   text40       00622
_TMR0_SetInterruptHandler                      text10       005E2
_TMR0_WriteTimer                               text25       0060B
_TRISA                                         (abs)        0008C
_TRISB                                         (abs)        0008D
_TRISC                                         (abs)        0008E
_TRISE                                         (abs)        00090
_TXREG                                         (abs)        0019A
_TXSTA                                         (abs)        0019E
_TXSTAbits                                     (abs)        0019E
_WDTCON                                        (abs)        00097
_WDT_Initialize                                text2        0061A
_WPUB                                          (abs)        0020D
_WPUE                                          (abs)        00210
__H__absolute__                                __absolute__ 00000
__Habs1                                        abs1         00000
__Hbank0                                       bank0        00000
__Hbank1                                       bank1        00000
__Hbank10                                      bank10       00000
__Hbank11                                      bank11       00000
__Hbank12                                      bank12       00000
__Hbank13                                      bank13       00000
__Hbank14                                      bank14       00000
__Hbank15                                      bank15       00000
__Hbank16                                      bank16       00000
__Hbank17                                      bank17       00000
__Hbank18                                      bank18       00000
__Hbank19                                      bank19       00000
__Hbank2                                       bank2        00000
__Hbank20                                      bank20       00000
__Hbank21                                      bank21       00000
__Hbank22                                      bank22       00000
__Hbank23                                      bank23       00000
__Hbank24                                      bank24       00000
__Hbank25                                      bank25       00000
__Hbank26                                      bank26       00000
__Hbank27                                      bank27       00000
__Hbank28                                      bank28       00000
__Hbank29                                      bank29       00000
__Hbank3                                       bank3        00000
__Hbank30                                      bank30       00000
__Hbank31                                      bank31       00000
__Hbank4                                       bank4        00000
__Hbank5                                       bank5        00000
__Hbank6                                       bank6        00000
__Hbank7                                       bank7        00000
__Hbank8                                       bank8        00000
__Hbank9                                       bank9        00000
__Hbigram                                      bigram       00000
__HbssBANK0                                    bssBANK0     00000
__HbssBANK1                                    bssBANK1     00000
__HbssCOMMON                                   bssCOMMON    00000
__Hcinit                                       cinit        00056
__Hclrtext                                     clrtext      00000
__Hcode                                        code         00000
__Hcommon                                      common       00000
__Hconfig                                      config       08009
__HcstackBANK0                                 cstackBANK0  00000
__HcstackCOMMON                                cstackCOMMON 00000
__HdataBANK0                                   dataBANK0    00000
__Heeprom_data                                 eeprom_data  00000
__Hend_init                                    end_init     0003D
__Hfunctab                                     functab      00000
__Hheap                                        heap         00000
__HidataBANK0                                  idataBANK0   00000
__Hidloc                                       idloc        08004
__Hinit                                        init         0003B
__Hintentry                                    intentry     0003B
__Hmaintext                                    maintext     00000
__Hpowerup                                     powerup      00000
__Hram                                         ram          00000
__Hreset_vec                                   reset_vec    00002
__Hsfr0                                        sfr0         00000
__Hsfr1                                        sfr1         00000
__Hsfr10                                       sfr10        00000
__Hsfr11                                       sfr11        00000
__Hsfr12                                       sfr12        00000
__Hsfr13                                       sfr13        00000
__Hsfr14                                       sfr14        00000
__Hsfr15                                       sfr15        00000
__Hsfr16                                       sfr16        00000
__Hsfr17                                       sfr17        00000
__Hsfr18                                       sfr18        00000
__Hsfr19                                       sfr19        00000
__Hsfr2                                        sfr2         00000
__Hsfr20                                       sfr20        00000
__Hsfr21                                       sfr21        00000
__Hsfr22                                       sfr22        00000
__Hsfr23                                       sfr23        00000
__Hsfr24                                       sfr24        00000
__Hsfr25                                       sfr25        00000
__Hsfr26                                       sfr26        00000
__Hsfr27                                       sfr27        00000
__Hsfr28                                       sfr28        00000
__Hsfr29                                       sfr29        00000
__Hsfr3                                        sfr3         00000
__Hsfr30                                       sfr30        00000
__Hsfr31                                       sfr31        00000
__Hsfr4                                        sfr4         00000
__Hsfr5                                        sfr5         00000
__Hsfr6                                        sfr6         00000
__Hsfr7                                        sfr7         00000
__Hsfr8                                        sfr8         00000
__Hsfr9                                        sfr9         00000
__Hsivt                                        sivt         0003B
__Hspace_0                                     (abs)        00643
__Hspace_1                                     (abs)        000B0
__Hspace_2                                     (abs)        00000
__Hspace_3                                     (abs)        00000
__Hspace_4                                     (abs)        10010
__Hstack                                       stack        00000
__Hstrings                                     strings      00000
__Hstringtext1                                 stringtext1  00000
__Htext                                        text         00000
__L__absolute__                                __absolute__ 00000
__Labs1                                        abs1         00000
__Lbank0                                       bank0        00000
__Lbank1                                       bank1        00000
__Lbank10                                      bank10       00000
__Lbank11                                      bank11       00000
__Lbank12                                      bank12       00000
__Lbank13                                      bank13       00000
__Lbank14                                      bank14       00000
__Lbank15                                      bank15       00000
__Lbank16                                      bank16       00000
__Lbank17                                      bank17       00000
__Lbank18                                      bank18       00000
__Lbank19                                      bank19       00000
__Lbank2                                       bank2        00000
__Lbank20                                      bank20       00000
__Lbank21                                      bank21       00000
__Lbank22                                      bank22       00000
__Lbank23                                      bank23       00000
__Lbank24                                      bank24       00000
__Lbank25                                      bank25       00000
__Lbank26                                      bank26       00000
__Lbank27                                      bank27       00000
__Lbank28                                      bank28       00000
__Lbank29                                      bank29       00000
__Lbank3                                       bank3        00000
__Lbank30                                      bank30       00000
__Lbank31                                      bank31       00000
__Lbank4                                       bank4        00000
__Lbank5                                       bank5        00000
__Lbank6                                       bank6        00000
__Lbank7                                       bank7        00000
__Lbank8                                       bank8        00000
__Lbank9                                       bank9        00000
__Lbigram                                      bigram       00000
__LbssBANK0                                    bssBANK0     00000
__LbssBANK1                                    bssBANK1     00000
__LbssCOMMON                                   bssCOMMON    00000
__Lcinit                                       cinit        0003D
__Lclrtext                                     clrtext      00000
__Lcode                                        code         00000
__Lcommon                                      common       00000
__Lconfig                                      config       00000
__LcstackBANK0                                 cstackBANK0  00000
__LcstackCOMMON                                cstackCOMMON 00000
__LdataBANK0                                   dataBANK0    00000
__Leeprom_data                                 eeprom_data  00000
__Lend_init                                    end_init     0003B
__Lfunctab                                     functab      00000
__Lheap                                        heap         00000
__LidataBANK0                                  idataBANK0   00000
__Lidloc                                       idloc        00000
__Linit                                        init         0003B
__Lintentry                                    intentry     00004
__Lmaintext                                    maintext     00000
__Lpowerup                                     powerup      00000
__Lram                                         ram          00000
__Lreset_vec                                   reset_vec    00000
__Lsfr0                                        sfr0         00000
__Lsfr1                                        sfr1         00000
__Lsfr10                                       sfr10        00000
__Lsfr11                                       sfr11        00000
__Lsfr12                                       sfr12        00000
__Lsfr13                                       sfr13        00000
__Lsfr14                                       sfr14        00000
__Lsfr15                                       sfr15        00000
__Lsfr16                                       sfr16        00000
__Lsfr17                                       sfr17        00000
__Lsfr18                                       sfr18        00000
__Lsfr19                                       sfr19        00000
__Lsfr2                                        sfr2         00000
__Lsfr20                                       sfr20        00000
__Lsfr21                                       sfr21        00000
__Lsfr22                                       sfr22        00000
__Lsfr23                                       sfr23        00000
__Lsfr24                                       sfr24        00000
__Lsfr25                                       sfr25        00000
__Lsfr26                                       sfr26        00000
__Lsfr27                                       sfr27        00000
__Lsfr28                                       sfr28        00000
__Lsfr29                                       sfr29        00000
__Lsfr3                                        sfr3         00000
__Lsfr30                                       sfr30        00000
__Lsfr31                                       sfr31        00000
__Lsfr4                                        sfr4         00000
__Lsfr5                                        sfr5         00000
__Lsfr6                                        sfr6         00000
__Lsfr7                                        sfr7         00000
__Lsfr8                                        sfr8         00000
__Lsfr9                                        sfr9         00000
__Lsivt                                        sivt         0003B
__Lspace_0                                     (abs)        00000
__Lspace_1                                     (abs)        00000
__Lspace_2                                     (abs)        00000
__Lspace_3                                     (abs)        00000
__Lspace_4                                     (abs)        00000
__Lstack                                       stack        00000
__Lstrings                                     strings      00000
__Lstringtext1                                 stringtext1  00000
__Ltext                                        text         00000
__S0                                           (abs)        00643
__S1                                           (abs)        000B0
__S3                                           (abs)        00000
___heap_hi                                     (abs)        00000
___heap_lo                                     (abs)        00000
___int_sp                                      stack        00000
___int_stack_hi                                stack        00000
___int_stack_lo                                stack        00000
___latbits                                     (abs)        00002
___sp                                          stack        00000
___stack_hi                                    stack        00000
___stack_lo                                    stack        00000
___stackhi                                     (abs)        00000
___stacklo                                     (abs)        00000
__end_of_Clear_No_Call_Warning                 text39       0063F
__end_of_EUSART_DefaultErrorHandler            text54       0062E
__end_of_EUSART_DefaultFramingErrorHandler     text53       00643
__end_of_EUSART_DefaultOverrunErrorHandler     text52       0062A
__end_of_EUSART_Initialize                     text11       00358
__end_of_EUSART_Read                           text37       00484
__end_of_EUSART_Receive_ISR                    text51       00391
__end_of_EUSART_RxDataHandler                  text55       00563
__end_of_EUSART_SetErrorHandler                text16       00606
__end_of_EUSART_SetFramingErrorHandler         text15       00600
__end_of_EUSART_SetOverrunErrorHandler         text14       005FA
__end_of_EUSART_SetRxInterruptHandler          text13       005F4
__end_of_EUSART_SetTxInterruptHandler          text12       005EE
__end_of_EUSART_Transmit_ISR                   text50       004C2
__end_of_EUSART_Write                          text30       00416
__end_of_EUSART_get_last_status                text45       0063D
__end_of_EUSART_is_rx_ready                    text38       005D4
__end_of_EUSART_is_tx_done                     text44       0063A
__end_of_EUSART_is_tx_ready                    text43       00641
__end_of_HIBEAM_OFF                            text23       00634
__end_of_HIBEAM_ON                             text22       00631
__end_of_INTERRUPT_InterruptManager            intentry     0003B
__end_of_LIN_Slave_Initialize                  text6        005B4
__end_of_LIN_breakCheck                        text36       00589
__end_of_LIN_calcParity                        text35       00200
__end_of_LIN_checkPID                          text33       004F6
__end_of_LIN_disableRx                         text32       0061A
__end_of_LIN_enableRx                          text31       00615
__end_of_LIN_getChecksum                       text29       003C3
__end_of_LIN_getFromTable                      text34       002C2
__end_of_LIN_getPacket                         text20       0043B
__end_of_LIN_handler                           text18       0017A
__end_of_LIN_init                              text7        0053B
__end_of_LIN_queuePacket                       text26       00264
__end_of_LIN_sendPacket                        text28       00460
__end_of_LIN_setTimerHandler                   text9        005DC
__end_of_LIN_signalTimeoutOccurred             text17       005CB
__end_of_LIN_startTimer                        text24       005A7
__end_of_LIN_stopTimer                         text8        00622
__end_of_LIN_timerHandler                      text48       003F0
__end_of_OSCILLATOR_Initialize                 text5        005C0
__end_of_PIN_MANAGER_IOC                       text42       00640
__end_of_PIN_MANAGER_Initialize                text4        004DC
__end_of_SYSTEM_Initialize                     text1        00576
__end_of_TMR0_DefaultInterruptHandler          text49       00642
__end_of_TMR0_ISR                              text47       00599
__end_of_TMR0_Initialize                       text3        0054F
__end_of_TMR0_ReadTimer                        text41       00637
__end_of_TMR0_Reload                           text40       00626
__end_of_TMR0_SetInterruptHandler              text10       005E8
__end_of_TMR0_WriteTimer                       text25       00610
__end_of_WDT_Initialize                        text2        0061E
__end_of__initialization                       cinit        00052
__end_of_main                                  maintext     0050E
__end_of_memcpy                                text27       004A4
__end_of_memset                                text21       00525
__end_of_processLIN                            text19       0031A
__end_of_scheduleTable                         stringtext1  0060B
__initialization                               cinit        0003D
__pbssBANK0                                    bssBANK0     00020
__pbssBANK1                                    bssBANK1     000A0
__pbssCOMMON                                   bssCOMMON    0007D
__pcstackBANK0                                 cstackBANK0  00061
__pcstackCOMMON                                cstackCOMMON 00070
__pdataBANK0                                   dataBANK0    0006F
__pidataBANK0                                  idataBANK0   0063D
__pintentry                                    intentry     00004
__pmaintext                                    maintext     004F6
__pstringtext1                                 stringtext1  00606
__ptext1                                       text1        00563
__ptext10                                      text10       005E2
__ptext11                                      text11       0031A
__ptext12                                      text12       005E8
__ptext13                                      text13       005EE
__ptext14                                      text14       005F4
__ptext15                                      text15       005FA
__ptext16                                      text16       00600
__ptext17                                      text17       005C0
__ptext18                                      text18       00056
__ptext19                                      text19       002C2
__ptext2                                       text2        0061A
__ptext20                                      text20       00416
__ptext21                                      text21       0050E
__ptext22                                      text22       0062E
__ptext23                                      text23       00631
__ptext24                                      text24       00599
__ptext25                                      text25       0060B
__ptext26                                      text26       00200
__ptext27                                      text27       00484
__ptext28                                      text28       0043B
__ptext29                                      text29       00391
__ptext3                                       text3        0053B
__ptext30                                      text30       003F0
__ptext31                                      text31       00610
__ptext32                                      text32       00615
__ptext33                                      text33       004DC
__ptext34                                      text34       00264
__ptext35                                      text35       0017A
__ptext36                                      text36       00576
__ptext37                                      text37       00460
__ptext38                                      text38       005CB
__ptext39                                      text39       0063E
__ptext4                                       text4        004C2
__ptext40                                      text40       00622
__ptext41                                      text41       00634
__ptext42                                      text42       0063F
__ptext43                                      text43       00640
__ptext44                                      text44       00637
__ptext45                                      text45       0063A
__ptext47                                      text47       00589
__ptext48                                      text48       003C3
__ptext49                                      text49       00641
__ptext5                                       text5        005B4
__ptext50                                      text50       004A4
__ptext51                                      text51       00358
__ptext52                                      text52       00626
__ptext53                                      text53       00642
__ptext54                                      text54       0062A
__ptext55                                      text55       0054F
__ptext6                                       text6        005A7
__ptext7                                       text7        00525
__ptext8                                       text8        0061E
__ptext9                                       text9        005D4
_eusartRxBuffer                                bssBANK1     000A0
_eusartRxCount                                 bssBANK0     00046
_eusartRxHead                                  bssCOMMON    0007D
_eusartRxLastError                             bssBANK0     00045
_eusartRxStatusBuffer                          bssBANK0     00020
_eusartRxTail                                  bssBANK0     00047
_eusartTxBuffer                                bssBANK0     00028
_eusartTxBufferRemaining                       bssBANK0     00048
_eusartTxHead                                  bssBANK0     0004A
_eusartTxTail                                  bssBANK0     00049
_main                                          maintext     004F6
_memcpy                                        text27       00484
_memset                                        text21       0050E
_processLIN                                    text19       002C2
_scheduleTable                                 stringtext1  00606
_timer0ReloadVal                               bssBANK0     00044
btemp                                          (abs)        0007E
btemp0                                         (abs)        0007E
btemp1                                         (abs)        0007F
clear_ram0                                     clrtext      005DC
end_of_initialization                          cinit        00052
int$flags                                      (abs)        0007E
intlevel0                                      functab      00000
intlevel1                                      functab      00000
intlevel2                                      functab      00000
intlevel3                                      functab      00000
intlevel4                                      functab      00000
intlevel5                                      functab      00000
ltemp0a                                        (abs)        00080
memcpy@d                                       cstackCOMMON 00077
memcpy@d1                                      cstackCOMMON 00070
memcpy@n                                       cstackCOMMON 00074
memcpy@s                                       cstackCOMMON 00078
memcpy@s1                                      cstackCOMMON 00072
memcpy@tmp                                     cstackCOMMON 00076
memset@c                                       cstackCOMMON 00072
memset@dest                                    cstackCOMMON 00070
memset@n                                       cstackCOMMON 00074
memset@p                                       cstackCOMMON 00076
processLIN@cmd                                 cstackBANK0  00069
processLIN@tempRxData                          cstackBANK0  00061
reset_vec                                      reset_vec    00000
start                                          init         0003B
start_initialization                           cinit        0003D
ttemp0a                                        (abs)        0007F
wtemp0                                         (abs)        0007E
wtemp0a                                        (abs)        0007F


MODULE INFORMATION

Module		Function		Class		Link	Load	Size
D:\yiming\00work\FR685_V05.X\gpio.c
		_HIBEAM_ON     		CODE           	062E	0000	3
		_HIBEAM_OFF    		CODE           	0631	0000	3

D:\yiming\00work\FR685_V05.X\gpio.c estimated size: 6

D:\yiming\00work\FR685_V05.X\mcc_generated_files\LINDrivers\lin_app.c
		_processLIN    		CODE           	02C2	0000	88
		_LIN_Slave_Initialize		CODE           	05A7	0000	13

D:\yiming\00work\FR685_V05.X\mcc_generated_files\LINDrivers\lin_app.c estimated size: 101

c:\PROGRA~1\MICROC~1\xc8\v3.10\pic\sources\c99\common\memset.c
		_memset        		CODE           	050E	0000	23

c:\PROGRA~1\MICROC~1\xc8\v3.10\pic\sources\c99\common\memset.c estimated size: 23

D:\yiming\00work\FR685_V05.X\main.c
		_Clear_No_Call_Warning		CODE           	063E	0000	1
		_main          		CODE           	04F6	0000	24

D:\yiming\00work\FR685_V05.X\main.c estimated size: 25

D:\yiming\00work\FR685_V05.X\mcc_generated_files\mcc.c
		_WDT_Initialize		CODE           	061A	0000	4
		_OSCILLATOR_Initialize		CODE           	05B4	0000	12
		_SYSTEM_Initialize		CODE           	0563	0000	19

D:\yiming\00work\FR685_V05.X\mcc_generated_files\mcc.c estimated size: 35

D:\yiming\00work\FR685_V05.X\mcc_generated_files\pin_manager.c
		_PIN_MANAGER_Initialize		CODE           	04C2	0000	26
		_PIN_MANAGER_IOC		CODE           	063F	0000	1

D:\yiming\00work\FR685_V05.X\mcc_generated_files\pin_manager.c estimated size: 27

D:\yiming\00work\FR685_V05.X\mcc_generated_files\eusart.c
		_EUSART_SetRxInterruptHandler		CODE           	05EE	0000	6
		_EUSART_SetTxInterruptHandler		CODE           	05E8	0000	6
		_EUSART_Read   		CODE           	0460	0000	36
		_EUSART_DefaultOverrunErrorHandler		CODE           	0626	0000	4
		_EUSART_Write  		CODE           	03F0	0000	38
		_EUSART_DefaultErrorHandler		CODE           	062A	0000	4
		_EUSART_Transmit_ISR		CODE           	04A4	0000	30
		_EUSART_is_tx_done		CODE           	0637	0000	3
		_EUSART_Initialize		CODE           	031A	0000	62
		_EUSART_SetFramingErrorHandler		CODE           	05FA	0000	6
		_EUSART_SetErrorHandler		CODE           	0600	0000	6
		_EUSART_SetOverrunErrorHandler		CODE           	05F4	0000	6
		_EUSART_Receive_ISR		CODE           	0358	0000	57
		_EUSART_RxDataHandler		CODE           	054F	0000	20
		_EUSART_DefaultFramingErrorHandler		CODE           	0642	0000	1
		_EUSART_get_last_status		CODE           	063A	0000	3
		_EUSART_is_rx_ready		CODE           	05CB	0000	9
		_EUSART_is_tx_ready		CODE           	0640	0000	1

D:\yiming\00work\FR685_V05.X\mcc_generated_files\eusart.c estimated size: 298

D:\yiming\00work\FR685_V05.X\mcc_generated_files\LINDrivers\lin_slave.c
		_LIN_init      		CODE           	0525	0000	22
		_LIN_stopTimer 		CODE           	061E	0000	4
		_LIN_timerHandler		CODE           	03C3	0000	45
		_LIN_checkPID  		CODE           	04DC	0000	26
		_LIN_getFromTable		CODE           	0264	0000	94
		_LIN_getPacket 		CODE           	0416	0000	37
		_LIN_signalTimeoutOccurred		CODE           	05C0	0000	11
		_LIN_sendPacket		CODE           	043B	0000	37
		_LIN_disableRx 		CODE           	0615	0000	5
		_LIN_setTimerHandler		CODE           	05D4	0000	8
		_LIN_startTimer		CODE           	0599	0000	14
		_LIN_queuePacket		CODE           	0200	0000	100
		_LIN_breakCheck		CODE           	0576	0000	19
		_LIN_getChecksum		CODE           	0391	0000	50
		_LIN_handler   		CODE           	0056	0000	292
		_LIN_calcParity		CODE           	017A	0000	134
		_LIN_enableRx  		CODE           	0610	0000	5

D:\yiming\00work\FR685_V05.X\mcc_generated_files\LINDrivers\lin_slave.c estimated size: 903

c:\PROGRA~1\MICROC~1\xc8\v3.10\pic\sources\c99\common\memcpy.c
		_memcpy        		CODE           	0484	0000	32

c:\PROGRA~1\MICROC~1\xc8\v3.10\pic\sources\c99\common\memcpy.c estimated size: 32

shared
		_scheduleTable 		STRCODE        	0606	0000	5
		__initialization		CODE           	003D	0000	21

shared estimated size: 26

D:\yiming\00work\FR685_V05.X\mcc_generated_files\tmr0.c
		_TMR0_SetInterruptHandler		CODE           	05E2	0000	6
		_TMR0_Reload   		CODE           	0622	0000	4
		_TMR0_DefaultInterruptHandler		CODE           	0641	0000	1
		_TMR0_WriteTimer		CODE           	060B	0000	5
		_TMR0_ReadTimer		CODE           	0634	0000	3
		_TMR0_ISR      		CODE           	0589	0000	16
		_TMR0_Initialize		CODE           	053B	0000	20

D:\yiming\00work\FR685_V05.X\mcc_generated_files\tmr0.c estimated size: 55

D:\yiming\00work\FR685_V05.X\mcc_generated_files\interrupt_manager.c
		_INTERRUPT_InterruptManager		CODE           	0004	0000	55

D:\yiming\00work\FR685_V05.X\mcc_generated_files\interrupt_manager.c estimated size: 55

